分类: 📺央视频道, 名称: CCTV-1, 有效: 5, IPv4: 515, IPv6: 0, 最小延迟: 123 ms, 最高速率: 4.99 M/s, 平均速率: 3.96 M/s, 最高分辨率: 1920x1080, 平均帧率: 29.00, 视频编解码器: h264, 音频编解码器: aac
分类: 📺央视频道, 名称: CCTV-2, 有效: 5, IPv4: 444, IPv6: 0, 最小延迟: 146 ms, 最高速率: 7.28 M/s, 平均速率: 4.75 M/s, 最高分辨率: 1920x1080, 平均帧率: 29.00, 视频编解码器: h264, 音频编解码器: aac
分类: 📺央视频道, 名称: CCTV-3, 有效: 5, IPv4: 440, IPv6: 0, 最小延迟: 132 ms, 最高速率: 4.25 M/s, 平均速率: 4.04 M/s, 最高分辨率: 1920x1080, 平均帧率: 30.00, 视频编解码器: h264, 音频编解码器: aac
分类: 📺央视频道, 名称: CCTV-4, 有效: 5, IPv4: 515, IPv6: 0, 最小延迟: 136 ms, 最高速率: 8.99 M/s, 平均速率: 5.27 M/s, 最高分辨率: 1920x1080, 平均帧率: 30.45, 视频编解码器: h264, 音频编解码器: aac
分类: 📺央视频道, 名称: CCTV-5, 有效: 5, IPv4: 453, IPv6: 0, 最小延迟: 136 ms, 最高速率: 4.89 M/s, 平均速率: 3.95 M/s, 最高分辨率: 1920x1080, 平均帧率: 29.00, 视频编解码器: h264, 音频编解码器: aac
分类: 📺央视频道, 名称: CCTV-6, 有效: 5, IPv4: 433, IPv6: 0, 最小延迟: 116 ms, 最高速率: 10.88 M/s, 平均速率: 5.95 M/s, 最高分辨率: 1920x1080, 平均帧率: 29.00, 视频编解码器: h264, 音频编解码器: aac
分类: 📺央视频道, 名称: CCTV-7, 有效: 5, IPv4: 419, IPv6: 0, 最小延迟: 131 ms, 最高速率: 7.90 M/s, 平均速率: 5.09 M/s, 最高分辨率: 1920x1080, 平均帧率: 29.00, 视频编解码器: h264, 音频编解码器: aac
分类: 📺央视频道, 名称: CCTV-8, 有效: 5, IPv4: 427, IPv6: 0, 最小延迟: 120 ms, 最高速率: 4.95 M/s, 平均速率: 4.75 M/s, 最高分辨率: 1920x1080, 平均帧率: 30.00, 视频编解码器: h264, 音频编解码器: aac
分类: 📺央视频道, 名称: CCTV-5+, 有效: 6, IPv4: 338, IPv6: 0, 最小延迟: 326 ms, 最高速率: 7.71 M/s, 平均速率: 2.43 M/s, 最高分辨率: 1920x1080, 平均帧率: 38.67, 视频编解码器: h264, 音频编解码器: mp2
分类: 📺央视频道, 名称: CCTV-9, 有效: 5, IPv4: 429, IPv6: 0, 最小延迟: 128 ms, 最高速率: 4.98 M/s, 平均速率: 3.97 M/s, 最高分辨率: 1920x1080, 平均帧率: 28.00, 视频编解码器: h264, 音频编解码器: aac
分类: 📺央视频道, 名称: CCTV-10, 有效: 5, IPv4: 439, IPv6: 0, 最小延迟: 125 ms, 最高速率: 4.87 M/s, 平均速率: 4.45 M/s, 最高分辨率: 1920x1080, 平均帧率: 30.00, 视频编解码器: h264, 音频编解码器: aac
分类: 📺央视频道, 名称: CCTV-11, 有效: 5, IPv4: 392, IPv6: 0, 最小延迟: 145 ms, 最高速率: 4.37 M/s, 平均速率: 4.13 M/s, 最高分辨率: 1920x1080, 平均帧率: 30.00, 视频编解码器: h264, 音频编解码器: aac
分类: 📺央视频道, 名称: CCTV-12, 有效: 5, IPv4: 424, IPv6: 0, 最小延迟: 129 ms, 最高速率: 5.21 M/s, 平均速率: 4.06 M/s, 最高分辨率: 1920x1080, 平均帧率: 36.50, 视频编解码器: h264, 音频编解码器: aac
分类: 📺央视频道, 名称: CCTV-13, 有效: 5, IPv4: 416, IPv6: 0, 最小延迟: 130 ms, 最高速率: 4.63 M/s, 平均速率: 4.31 M/s, 最高分辨率: 1920x1080, 平均帧率: 30.00, 视频编解码器: h264, 音频编解码器: aac
分类: 📺央视频道, 名称: CCTV-15, 有效: 5, IPv4: 397, IPv6: 0, 最小延迟: 119 ms, 最高速率: 4.81 M/s, 平均速率: 3.24 M/s, 最高分辨率: 1920x1080, 平均帧率: 28.00, 视频编解码器: h264, 音频编解码器: aac
分类: 📺央视频道, 名称: CCTV-16, 有效: 5, IPv4: 244, IPv6: 0, 最小延迟: 71 ms, 最高速率: 5.16 M/s, 平均速率: 3.68 M/s, 最高分辨率: 1920x1080, 平均帧率: 28.33, 视频编解码器: h264, 音频编解码器: aac
分类: 📺央视频道, 名称: CCTV-14, 有效: 5, IPv4: 410, IPv6: 0, 最小延迟: 121 ms, 最高速率: 7.71 M/s, 平均速率: 4.67 M/s, 最高分辨率: 1920x1080, 平均帧率: 28.00, 视频编解码器: h264, 音频编解码器: aac
分类: 📺央视频道, 名称: CCTV-17, 有效: 5, IPv4: 340, IPv6: 0, 最小延迟: 113 ms, 最高速率: 6.42 M/s, 平均速率: 5.26 M/s, 最高分辨率: 1920x1080, 平均帧率: 29.00, 视频编解码器: h264, 音频编解码器: aac
分类: 📺央视频道, 名称: CETV-1, 有效: 5, IPv4: 123, IPv6: 0, 最小延迟: 124 ms, 最高速率: 5.11 M/s, 平均速率: 3.67 M/s, 最高分辨率: 1920x1080, 平均帧率: 27.00, 视频编解码器: h264, 音频编解码器: aac
分类: 📺央视频道, 名称: CETV-3, 有效: 0, IPv4: 10, IPv6: 0, 最小延迟: 340 ms, 最高速率: 8.26 M/s, 平均速率: 0.00 M/s, 最高分辨率: 720x576, 平均帧率: 25.00, 视频编解码器: h264, 音频编解码器: aac
分类: 📺央视频道, 名称: CETV-2, 有效: 2, IPv4: 73, IPv6: 0, 最小延迟: 131 ms, 最高速率: 7.54 M/s, 平均速率: 3.23 M/s, 最高分辨率: 1920x1080, 平均帧率: 26.25, 视频编解码器: h264, 音频编解码器: aac
分类: 📡卫视频道, 名称: 广东卫视, 有效: 6, IPv4: 438, IPv6: 0, 最小延迟: 137 ms, 最高速率: 49.48 M/s, 平均速率: 11.99 M/s, 最高分辨率: 1920x1080, 平均帧率: 27.50, 视频编解码器: h264, 音频编解码器: aac
分类: 📺央视频道, 名称: CETV-4, 有效: 0, IPv4: 95, IPv6: 0, 最小延迟: 376 ms, 最高速率: 7.02 M/s, 平均速率: 0.00 M/s, 最高分辨率: 720x576, 平均帧率: 25.00, 视频编解码器: h264, 音频编解码器: aac
分类: 📡卫视频道, 名称: 香港卫视, 有效: 0, IPv4: 12, IPv6: 0, 最小延迟: 25 ms, 最高速率: 3.56 M/s, 平均速率: 0.00 M/s, 最高分辨率: 19x24, 平均帧率: 25.00, 视频编解码器: rawvideo, 音频编解码器: 未知
分类: 📡卫视频道, 名称: 浙江卫视, 有效: 5, IPv4: 410, IPv6: 0, 最小延迟: 120 ms, 最高速率: 9.51 M/s, 平均速率: 5.86 M/s, 最高分辨率: 1920x1080, 平均帧率: 30.56, 视频编解码器: h264, 音频编解码器: aac
分类: 📡卫视频道, 名称: 湖南卫视, 有效: 5, IPv4: 418, IPv6: 0, 最小延迟: 123 ms, 最高速率: 8.87 M/s, 平均速率: 5.86 M/s, 最高分辨率: 3840x2160, 平均帧率: 26.88, 视频编解码器: h264, 音频编解码器: aac
分类: 📡卫视频道, 名称: 北京卫视, 有效: 5, IPv4: 442, IPv6: 0, 最小延迟: 39 ms, 最高速率: 12.32 M/s, 平均速率: 7.50 M/s, 最高分辨率: 1920x1080, 平均帧率: 30.71, 视频编解码器: h264, 音频编解码器: aac
分类: 📡卫视频道, 名称: 湖北卫视, 有效: 5, IPv4: 405, IPv6: 0, 最小延迟: 138 ms, 最高速率: 6.91 M/s, 平均速率: 5.42 M/s, 最高分辨率: 1920x1080, 平均帧率: 28.00, 视频编解码器: h264, 音频编解码器: aac
分类: 📡卫视频道, 名称: 安徽卫视, 有效: 5, IPv4: 317, IPv6: 0, 最小延迟: 123 ms, 最高速率: 4.74 M/s, 平均速率: 3.38 M/s, 最高分辨率: 1920x1080, 平均帧率: 29.00, 视频编解码器: h264, 音频编解码器: aac
分类: 📡卫视频道, 名称: 黑龙江卫视, 有效: 5, IPv4: 310, IPv6: 0, 最小延迟: 130 ms, 最高速率: 4.83 M/s, 平均速率: 4.20 M/s, 最高分辨率: 1920x1080, 平均帧率: 32.50, 视频编解码器: h264, 音频编解码器: aac
分类: 📡卫视频道, 名称: 重庆卫视, 有效: 5, IPv4: 498, IPv6: 0, 最小延迟: 110 ms, 最高速率: 5.48 M/s, 平均速率: 3.14 M/s, 最高分辨率: 1920x1080, 平均帧率: 27.00, 视频编解码器: h264, 音频编解码器: aac
分类: 📡卫视频道, 名称: 东方卫视, 有效: 5, IPv4: 386, IPv6: 0, 最小延迟: 144 ms, 最高速率: 9.35 M/s, 平均速率: 4.87 M/s, 最高分辨率: 1920x1080, 平均帧率: 29.00, 视频编解码器: h264, 音频编解码器: aac
分类: 📡卫视频道, 名称: 甘肃卫视, 有效: 5, IPv4: 205, IPv6: 0, 最小延迟: 132 ms, 最高速率: 6.73 M/s, 平均速率: 5.12 M/s, 最高分辨率: 1920x1080, 平均帧率: 28.33, 视频编解码器: h264, 音频编解码器: aac
分类: 📡卫视频道, 名称: 广西卫视, 有效: 5, IPv4: 321, IPv6: 0, 最小延迟: 122 ms, 最高速率: 4.91 M/s, 平均速率: 4.05 M/s, 最高分辨率: 1920x1080, 平均帧率: 27.00, 视频编解码器: h264, 音频编解码器: aac
分类: 📡卫视频道, 名称: 东南卫视, 有效: 5, IPv4: 361, IPv6: 0, 最小延迟: 123 ms, 最高速率: 7.87 M/s, 平均速率: 5.46 M/s, 最高分辨率: 1920x1080, 平均帧率: 32.50, 视频编解码器: h264, 音频编解码器: aac
分类: 📡卫视频道, 名称: 贵州卫视, 有效: 5, IPv4: 309, IPv6: 0, 最小延迟: 127 ms, 最高速率: 7.57 M/s, 平均速率: 4.73 M/s, 最高分辨率: 1920x1080, 平均帧率: 36.00, 视频编解码器: h264, 音频编解码器: mp2
分类: 📡卫视频道, 名称: 海南卫视, 有效: 5, IPv4: 283, IPv6: 0, 最小延迟: 138 ms, 最高速率: 4.36 M/s, 平均速率: 4.20 M/s, 最高分辨率: 1920x1080, 平均帧率: 30.00, 视频编解码器: h264, 音频编解码器: aac
分类: 📡卫视频道, 名称: 河北卫视, 有效: 5, IPv4: 336, IPv6: 0, 最小延迟: 144 ms, 最高速率: 4.49 M/s, 平均速率: 4.23 M/s, 最高分辨率: 1920x1080, 平均帧率: 30.00, 视频编解码器: h264, 音频编解码器: aac
分类: 📡卫视频道, 名称: 河南卫视, 有效: 5, IPv4: 370, IPv6: 0, 最小延迟: 132 ms, 最高速率: 4.80 M/s, 平均速率: 3.89 M/s, 最高分辨率: 1920x1080, 平均帧率: 30.00, 视频编解码器: h264, 音频编解码器: aac
分类: 📡卫视频道, 名称: 吉林卫视, 有效: 5, IPv4: 295, IPv6: 0, 最小延迟: 122 ms, 最高速率: 4.99 M/s, 平均速率: 4.51 M/s, 最高分辨率: 1920x1080, 平均帧率: 30.00, 视频编解码器: h264, 音频编解码器: aac
分类: 📡卫视频道, 名称: 江苏卫视, 有效: 5, IPv4: 426, IPv6: 0, 最小延迟: 137 ms, 最高速率: 4.46 M/s, 平均速率: 3.80 M/s, 最高分辨率: 1920x1080, 平均帧率: 30.00, 视频编解码器: h264, 音频编解码器: aac
分类: 📡卫视频道, 名称: 江西卫视, 有效: 5, IPv4: 385, IPv6: 0, 最小延迟: 118 ms, 最高速率: 4.93 M/s, 平均速率: 4.51 M/s, 最高分辨率: 1920x1080, 平均帧率: 30.00, 视频编解码器: h264, 音频编解码器: aac
分类: 📡卫视频道, 名称: 辽宁卫视, 有效: 5, IPv4: 335, IPv6: 0, 最小延迟: 106 ms, 最高速率: 5.95 M/s, 平均速率: 5.03 M/s, 最高分辨率: 1920x1080, 平均帧率: 29.00, 视频编解码器: h264, 音频编解码器: aac
分类: 📡卫视频道, 名称: 内蒙古卫视, 有效: 5, IPv4: 167, IPv6: 0, 最小延迟: 134 ms, 最高速率: 6.22 M/s, 平均速率: 4.22 M/s, 最高分辨率: 1920x1080, 平均帧率: 29.00, 视频编解码器: h264, 音频编解码器: aac
分类: 📡卫视频道, 名称: 宁夏卫视, 有效: 5, IPv4: 224, IPv6: 0, 最小延迟: 117 ms, 最高速率: 6.59 M/s, 平均速率: 5.55 M/s, 最高分辨率: 1920x1080, 平均帧率: 28.00, 视频编解码器: h264, 音频编解码器: aac
分类: 📡卫视频道, 名称: 青海卫视, 有效: 5, IPv4: 253, IPv6: 0, 最小延迟: 126 ms, 最高速率: 7.58 M/s, 平均速率: 5.14 M/s, 最高分辨率: 1920x1080, 平均帧率: 29.00, 视频编解码器: h264, 音频编解码器: aac
分类: 📡卫视频道, 名称: 山东卫视, 有效: 5, IPv4: 321, IPv6: 0, 最小延迟: 131 ms, 最高速率: 4.77 M/s, 平均速率: 4.49 M/s, 最高分辨率: 1920x1080, 平均帧率: 30.00, 视频编解码器: h264, 音频编解码器: aac
分类: 📡卫视频道, 名称: 山西卫视, 有效: 5, IPv4: 188, IPv6: 0, 最小延迟: 129 ms, 最高速率: 10.17 M/s, 平均速率: 4.95 M/s, 最高分辨率: 1920x1080, 平均帧率: 29.00, 视频编解码器: h264, 音频编解码器: aac
分类: 📡卫视频道, 名称: 陕西卫视, 有效: 5, IPv4: 222, IPv6: 0, 最小延迟: 129 ms, 最高速率: 7.67 M/s, 平均速率: 6.12 M/s, 最高分辨率: 1920x1080, 平均帧率: 27.00, 视频编解码器: h264, 音频编解码器: aac
分类: 📡卫视频道, 名称: 四川卫视, 有效: 5, IPv4: 365, IPv6: 0, 最小延迟: 131 ms, 最高速率: 4.83 M/s, 平均速率: 3.89 M/s, 最高分辨率: 1920x1080, 平均帧率: 29.00, 视频编解码器: h264, 音频编解码器: aac
分类: 📡卫视频道, 名称: 深圳卫视, 有效: 5, IPv4: 373, IPv6: 0, 最小延迟: 128 ms, 最高速率: 8.90 M/s, 平均速率: 5.76 M/s, 最高分辨率: 1920x1080, 平均帧率: 29.00, 视频编解码器: h264, 音频编解码器: aac
分类: 📡卫视频道, 名称: 天津卫视, 有效: 5, IPv4: 328, IPv6: 0, 最小延迟: 125 ms, 最高速率: 12.43 M/s, 平均速率: 6.32 M/s, 最高分辨率: 1920x1080, 平均帧率: 29.00, 视频编解码器: h264, 音频编解码器: aac
分类: 📡卫视频道, 名称: 西藏卫视, 有效: 5, IPv4: 164, IPv6: 0, 最小延迟: 125 ms, 最高速率: 8.99 M/s, 平均速率: 5.47 M/s, 最高分辨率: 1920x1080, 平均帧率: 29.00, 视频编解码器: h264, 音频编解码器: aac
分类: 📡卫视频道, 名称: 新疆卫视, 有效: 5, IPv4: 185, IPv6: 0, 最小延迟: 116 ms, 最高速率: 9.13 M/s, 平均速率: 5.73 M/s, 最高分辨率: 1920x1080, 平均帧率: 29.00, 视频编解码器: h264, 音频编解码器: aac
分类: 📡卫视频道, 名称: 三沙卫视, 有效: 5, IPv4: 112, IPv6: 0, 最小延迟: 132 ms, 最高速率: 10.38 M/s, 平均速率: 5.20 M/s, 最高分辨率: 1920x1080, 平均帧率: 28.00, 视频编解码器: h264, 音频编解码器: aac
分类: 📡卫视频道, 名称: 云南卫视, 有效: 5, IPv4: 261, IPv6: 0, 最小延迟: 115 ms, 最高速率: 7.79 M/s, 平均速率: 5.24 M/s, 最高分辨率: 1920x1080, 平均帧率: 29.00, 视频编解码器: h264, 音频编解码器: aac
分类: ☘️广东频道, 名称: 广东珠江, 有效: 5, IPv4: 102, IPv6: 0, 最小延迟: 111 ms, 最高速率: 5.27 M/s, 平均速率: 3.40 M/s, 最高分辨率: 1920x1080, 平均帧率: 27.00, 视频编解码器: h264, 音频编解码器: aac
分类: ☘️广东频道, 名称: 广东体育, 有效: 3, IPv4: 64, IPv6: 0, 最小延迟: 137 ms, 最高速率: 17.25 M/s, 平均速率: 6.84 M/s, 最高分辨率: 1920x1080, 平均帧率: 27.73, 视频编解码器: h264, 音频编解码器: aac
分类: ☘️广东频道, 名称: 广东新闻, 有效: 5, IPv4: 36, IPv6: 0, 最小延迟: 39 ms, 最高速率: 6.85 M/s, 平均速率: 4.66 M/s, 最高分辨率: 1280x720, 平均帧率: 29.17, 视频编解码器: h264, 音频编解码器: aac
分类: ☘️广东频道, 名称: 广东民生, 有效: 5, IPv4: 34, IPv6: 0, 最小延迟: 133 ms, 最高速率: 3.26 M/s, 平均速率: 1.56 M/s, 最高分辨率: 1920x1080, 平均帧率: 25.00, 视频编解码器: h264, 音频编解码器: aac
分类: ☘️广东频道, 名称: 大湾区卫视, 有效: 5, IPv4: 80, IPv6: 0, 最小延迟: 126 ms, 最高速率: 5.26 M/s, 平均速率: 4.82 M/s, 最高分辨率: 1920x1080, 平均帧率: 29.00, 视频编解码器: h264, 音频编解码器: aac
分类: ☘️广东频道, 名称: 广州综合, 有效: 5, IPv4: 47, IPv6: 0, 最小延迟: 1719 ms, 最高速率: 0.37 M/s, 平均速率: 0.30 M/s, 最高分辨率: 1280x720, 平均帧率: 25.00, 视频编解码器: h264, 音频编解码器: aac
分类: ☘️广东频道, 名称: 广州竞赛, 有效: 1, IPv4: 13, IPv6: 0, 最小延迟: 440 ms, 最高速率: 6.86 M/s, 平均速率: 6.86 M/s, 最高分辨率: 1280x720, 平均帧率: 25.00, 视频编解码器: h264, 音频编解码器: aac
分类: ☘️广东频道, 名称: 江门综合, 有效: 0, IPv4: 4, IPv6: 0, 最小延迟: -1 ms, 最高速率: 0.00 M/s, 平均速率: 0.00 M/s, 最高分辨率: None, 平均帧率: 未知, 视频编解码器: 未知, 音频编解码器: 未知
分类: ☘️广东频道, 名称: 江门侨乡生活, 有效: 0, IPv4: 9, IPv6: 0, 最小延迟: -1 ms, 最高速率: 0.00 M/s, 平均速率: 0.00 M/s, 最高分辨率: None, 平均帧率: 未知, 视频编解码器: 未知, 音频编解码器: 未知
分类: ☘️广东频道, 名称: 佛山综合, 有效: 0, IPv4: 7, IPv6: 0, 最小延迟: -1 ms, 最高速率: 0.00 M/s, 平均速率: 0.00 M/s, 最高分辨率: None, 平均帧率: 未知, 视频编解码器: 未知, 音频编解码器: 未知
分类: ☘️广东频道, 名称: 广州影视, 有效: 0, IPv4: 14, IPv6: 0, 最小延迟: 10209 ms, 最高速率: 0.03 M/s, 平均速率: 0.00 M/s, 最高分辨率: None, 平均帧率: 未知, 视频编解码器: 未知, 音频编解码器: 未知
分类: ☘️广东频道, 名称: 汕头综合, 有效: 1, IPv4: 7, IPv6: 0, 最小延迟: 20 ms, 最高速率: 155.07 M/s, 平均速率: 155.07 M/s, 最高分辨率: 1440x1080, 平均帧率: 30.00, 视频编解码器: h264, 音频编解码器: aac
分类: ☘️广东频道, 名称: 汕头经济, 有效: 1, IPv4: 6, IPv6: 0, 最小延迟: 22 ms, 最高速率: 158.62 M/s, 平均速率: 158.62 M/s, 最高分辨率: 1440x1080, 平均帧率: 30.00, 视频编解码器: h264, 音频编解码器: aac
分类: ☘️广东频道, 名称: 汕头文旅, 有效: 0, IPv4: 5, IPv6: 0, 最小延迟: -1 ms, 最高速率: 0.00 M/s, 平均速率: 0.00 M/s, 最高分辨率: None, 平均帧率: 未知, 视频编解码器: 未知, 音频编解码器: 未知
分类: ☘️广东频道, 名称: 茂名综合, 有效: 0, IPv4: 4, IPv6: 0, 最小延迟: -1 ms, 最高速率: 0.00 M/s, 平均速率: 0.00 M/s, 最高分辨率: None, 平均帧率: 未知, 视频编解码器: 未知, 音频编解码器: 未知
分类: ☘️广东频道, 名称: 茂名公共, 有效: 0, IPv4: 4, IPv6: 0, 最小延迟: -1 ms, 最高速率: 0.00 M/s, 平均速率: 0.00 M/s, 最高分辨率: None, 平均帧率: 未知, 视频编解码器: 未知, 音频编解码器: 未知
